// Jest Snapshot v1, https://goo.gl/fbAQLP

exports[`SearchBox should handle error state 1`] = `
<h1>
  Oops something went wrong!
</h1>
`;

exports[`SearchBox should handle loading state 1`] = `
<div
  className="SearchBox"
>
  <form
    className="SearchBox--form"
  >
    <div
      className="SearchBox--icon__spinner"
    />
    <input
      autoComplete="off"
      className="SearchBox--input"
      disabled={true}
      name="cities"
      onBlur={[Function]}
      onChange={[Function]}
      onFocus={[Function]}
      value=""
    />
  </form>
  <ul
    className="SearchBox--datalist"
    style={
      Object {
        "display": "none",
      }
    }
  />
</div>
`;
