// Jest Snapshot v1, https://goo.gl/fbAQLP

exports[`App should render without throwing an error 1`] = `
<div
  className="App"
>
  <div>
    <h1>
      Compare Your Air
    </h1>
    <p
      className="App--p--intro"
    >
      Compare the air quality between cities in the UK.
      <br />
      Select cities to compare using the search tool below.
    </p>
    <div
      className="SearchBox"
    >
      <form
        className="SearchBox--form"
      >
        <div
          className="SearchBox--icon__spinner"
        />
        <input
          autoComplete="off"
          className="SearchBox--input"
          disabled={true}
          name="cities"
          onBlur={[Function]}
          onChange={[Function]}
          onFocus={[Function]}
          value=""
        />
      </form>
      <ul
        className="SearchBox--datalist"
        style={
          Object {
            "display": "none",
          }
        }
      />
    </div>
  </div>
  <div />
</div>
`;
